// Jest Snapshot v1, https://goo.gl/fbAQLP

exports[`<Game /> matches the snapshot 1`] = `
<div
  className="Game-Grid"
>
  <div
    className="Game-Grid-Row"
  >
    <div
      className="Game-Grid-Cell"
      onClick={[Function]}
    >
      <span
        className="unselected"
      >
        ?
      </span>
    </div>
    <div
      className="Game-Grid-Cell"
      onClick={[Function]}
    >
      <span
        className="unselected"
      >
        ?
      </span>
    </div>
    <div
      className="Game-Grid-Cell"
      onClick={[Function]}
    >
      <span
        className="unselected"
      >
        ?
      </span>
    </div>
  </div>
  <div
    className="Game-Grid-Row"
  >
    <div
      className="Game-Grid-Cell"
      onClick={[Function]}
    >
      <span
        className="unselected"
      >
        ?
      </span>
    </div>
    <div
      className="Game-Grid-Cell"
      onClick={[Function]}
    >
      <span
        className="unselected"
      >
        ?
      </span>
    </div>
    <div
      className="Game-Grid-Cell"
      onClick={[Function]}
    >
      <span
        className="unselected"
      >
        ?
      </span>
    </div>
  </div>
  <div
    className="Game-Grid-Row"
  >
    <div
      className="Game-Grid-Cell"
      onClick={[Function]}
    >
      <span
        className="unselected"
      >
        ?
      </span>
    </div>
    <div
      className="Game-Grid-Cell"
      onClick={[Function]}
    >
      <span
        className="unselected"
      >
        ?
      </span>
    </div>
    <div
      className="Game-Grid-Cell"
      onClick={[Function]}
    >
      <span
        className="unselected"
      >
        ?
      </span>
    </div>
  </div>
</div>
`;
